../Core/Src/main.c:115:9:HCI_IO_GetTick	0	static
../Core/Src/main.c:121:6:UserEvtRx	0	static
../Core/Src/main.c:78:9:HCI_IO_Init	8	static
../Core/Src/main.c:84:9:HCI_IO_DeInit	8	static
../Core/Src/main.c:90:9:HCI_IO_Reset	8	static
../Core/Src/main.c:96:9:HCI_IO_Receive	8	static
../Core/Src/main.c:102:9:HCI_IO_Send	8	static
../Core/Src/main.c:108:9:HCI_IO_DataAck	8	static
../Core/Src/main.c:234:6:SystemClock_Config	96	static,ignoring_inline_asm
../Core/Src/main.c:130:5:main	120	static
../Core/Src/main.c:322:6:Error_Handler	0	static,ignoring_inline_asm
