../Core/Src/main.c:97:9:HTS221_Read16	40	static
../Core/Src/main.c:112:9:HTS221_Read8	40	static
../Core/Src/main.c:124:7:HTS221_ConvertToCelsius	32	static
../Core/Src/main.c:138:6:HTS221_Init	32	static
../Core/Src/main.c:158:6:Read_Temperature	80	static
../Core/Src/main.c:184:6:SysTick_Init	4	static
../Core/Src/main.c:199:6:delay	16	static
../Core/Src/main.c:213:5:main	8	static
../Core/Src/main.c:268:6:SystemClock_Config	96	static
../Core/Src/main.c:313:13:MX_I2C2_Init	8	static
../Core/Src/main.c:361:13:MX_GPIO_Init	48	static
../Core/Src/main.c:419:6:Error_Handler	4	static,ignoring_inline_asm
